
Memory Configuration

Name             Origin             Length             Attributes
*default*        0x00000000         0xffffffff

Linker script and memory map

LOAD obj/FlashExecFnc.o
LOAD obj/FlashAlgoFncs.o
LOAD obj/FlashAlgoInfo.o
START GROUP
LOAD c:/compilers/gcc-arm-none-eabi-5_4-2016q3-20160926-win32/bin/../lib/gcc/arm-none-eabi/5.4.1/armv7e-m\libgcc.a
LOAD c:/compilers/gcc-arm-none-eabi-5_4-2016q3-20160926-win32/bin/../lib/gcc/arm-none-eabi/5.4.1/../../../../arm-none-eabi/lib/armv7e-m\libc.a
END GROUP

.text           0x00000000      0x1a8
                0x00000000                . = 0x0
 *(.text .text.*)
 .text          0x00000000       0x18 obj/FlashExecFnc.o
                0x00000000                BreakHere
                0x00000004                ExecFunction
 .text          0x00000018      0x190 obj/FlashAlgoFncs.o
                0x00000018                FlashInit
                0x00000030                FlashUnInit
                0x00000048                FlashEraseChip
                0x00000084                FlashEraseSector
                0x000000c4                nrf_nvmc_write_byte
                0x0000010c                FlashProgramPage
                0x00000174                FlashVerify
 .text          0x000001a8        0x0 obj/FlashAlgoInfo.o

.glue_7         0x000001a8        0x0
 .glue_7        0x000001a8        0x0 linker stubs

.glue_7t        0x000001a8        0x0
 .glue_7t       0x000001a8        0x0 linker stubs

.vfp11_veneer   0x000001a8        0x0
 .vfp11_veneer  0x000001a8        0x0 linker stubs

.v4_bx          0x000001a8        0x0
 .v4_bx         0x000001a8        0x0 linker stubs

.iplt           0x000001a8        0x0
 .iplt          0x000001a8        0x0 obj/FlashExecFnc.o

.rodata
 *(.rodata .rodata*)

.data           0x000001a8        0x0
 *(.data .data.*)
 .data          0x000001a8        0x0 obj/FlashExecFnc.o
 .data          0x000001a8        0x0 obj/FlashAlgoFncs.o
 .data          0x000001a8        0x0 obj/FlashAlgoInfo.o

.igot.plt       0x000001a8        0x0
 .igot.plt      0x000001a8        0x0 obj/FlashExecFnc.o

.got
 *(.got .got.*)

.bss            0x000001a8        0x0
 *(.bss .bss.*)
 .bss           0x000001a8        0x0 obj/FlashExecFnc.o
 .bss           0x000001a8        0x0 obj/FlashAlgoFncs.o
 .bss           0x000001a8        0x0 obj/FlashAlgoInfo.o
 *(COMMON)

.driver_info    0x000001a8     0x10a8
 *(.driver_info .driver_info.*)
 .driver_info   0x000001a8     0x10a8 obj/FlashAlgoInfo.o
                0x000001a8                FlashDriver
OUTPUT(bin/NRF52832_512.elf elf32-littlearm)

.rel.dyn        0x00001250        0x0
 .rel.iplt      0x00001250        0x0 obj/FlashExecFnc.o

.debug_info     0x00000000      0x672
 .debug_info    0x00000000      0x121 obj/FlashExecFnc.o
 .debug_info    0x00000121      0x3ff obj/FlashAlgoFncs.o
 .debug_info    0x00000520      0x152 obj/FlashAlgoInfo.o

.debug_abbrev   0x00000000      0x31b
 .debug_abbrev  0x00000000       0xd8 obj/FlashExecFnc.o
 .debug_abbrev  0x000000d8      0x1b9 obj/FlashAlgoFncs.o
 .debug_abbrev  0x00000291       0x8a obj/FlashAlgoInfo.o

.debug_loc      0x00000000      0x48c
 .debug_loc     0x00000000       0x9c obj/FlashExecFnc.o
 .debug_loc     0x0000009c      0x3f0 obj/FlashAlgoFncs.o

.debug_aranges  0x00000000       0x58
 .debug_aranges
                0x00000000       0x20 obj/FlashExecFnc.o
 .debug_aranges
                0x00000020       0x20 obj/FlashAlgoFncs.o
 .debug_aranges
                0x00000040       0x18 obj/FlashAlgoInfo.o

.debug_line     0x00000000      0x27a
 .debug_line    0x00000000       0x57 obj/FlashExecFnc.o
 .debug_line    0x00000057      0x1cc obj/FlashAlgoFncs.o
 .debug_line    0x00000223       0x57 obj/FlashAlgoInfo.o

.debug_str      0x00000000      0x3e9
 .debug_str     0x00000000      0x158 obj/FlashExecFnc.o
                                0x16f (size before relaxing)
 .debug_str     0x00000158      0x1c5 obj/FlashAlgoFncs.o
                                0x2ed (size before relaxing)
 .debug_str     0x0000031d       0xcc obj/FlashAlgoInfo.o
                                0x1d4 (size before relaxing)

.comment        0x00000000       0x6e
 .comment       0x00000000       0x6e obj/FlashExecFnc.o
                                 0x6f (size before relaxing)
 .comment       0x0000006e       0x6f obj/FlashAlgoFncs.o
 .comment       0x0000006e       0x6f obj/FlashAlgoInfo.o

.ARM.attributes
                0x00000000       0x33
 .ARM.attributes
                0x00000000       0x33 obj/FlashExecFnc.o
 .ARM.attributes
                0x00000033       0x33 obj/FlashAlgoFncs.o
 .ARM.attributes
                0x00000066       0x33 obj/FlashAlgoInfo.o

.debug_frame    0x00000000       0xf8
 .debug_frame   0x00000000       0x3c obj/FlashExecFnc.o
 .debug_frame   0x0000003c       0xbc obj/FlashAlgoFncs.o

.debug_ranges   0x00000000       0x30
 .debug_ranges  0x00000000       0x30 obj/FlashAlgoFncs.o

Cross Reference Table

Symbol                                            File
BreakHere                                         obj/FlashExecFnc.o
ExecFunction                                      obj/FlashExecFnc.o
FlashDriver                                       obj/FlashAlgoInfo.o
FlashEraseChip                                    obj/FlashAlgoFncs.o
FlashEraseSector                                  obj/FlashAlgoFncs.o
FlashInit                                         obj/FlashAlgoFncs.o
FlashProgramPage                                  obj/FlashAlgoFncs.o
FlashUnInit                                       obj/FlashAlgoFncs.o
FlashVerify                                       obj/FlashAlgoFncs.o
nrf_nvmc_write_byte                               obj/FlashAlgoFncs.o
